Copying crops + roboflow from /private/tmp/show20260518_ctr_price.21aCTz/reuse_seed (source folder not modified)…
Reuse copy done; skipping Roboflow API.
eBay Browse pacing: min_interval=0s for 460 crops (auto_large_run=>=700 crops); max_retries=12; circuit=10×429 → 2700s cooldown
  Crop 1/460: img8621_pin01.jpg
  Crop 10/460: img8621_pin10.jpg
  Crop 20/460: img8621_pin20.jpg
  Crop 30/460: img8622_pin07.jpg
  Crop 40/460: img8622_pin17.jpg
  Crop 50/460: img8622_pin27.jpg
  checkpoint: saved 50/460 crops → candidates.checkpoint.json
  Crop 60/460: img8624_pin07.jpg
  Crop 70/460: img8625_pin02.jpg
  Crop 80/460: img8625_pin12.jpg
  Crop 90/460: img8626_pin09.jpg
  Crop 100/460: img8626_pin19.jpg
  checkpoint: saved 100/460 crops → candidates.checkpoint.json
  Crop 110/460: img8628_pin03.jpg
  Crop 120/460: img8628_pin13.jpg
  Crop 130/460: img8628_pin23.jpg
  Crop 140/460: img8629_pin06.jpg
  Crop 150/460: img8629_pin16.jpg
  checkpoint: saved 150/460 crops → candidates.checkpoint.json
  Crop 160/460: img8631_pin02.jpg
  Crop 170/460: img8631_pin12.jpg
  Crop 180/460: img8631_pin22.jpg
  Crop 190/460: img8632_pin03.jpg
  Crop 200/460: img8633_pin06.jpg
  checkpoint: saved 200/460 crops → candidates.checkpoint.json
  Crop 210/460: img8633_pin16.jpg
  Crop 220/460: img8634_pin08.jpg
  Crop 230/460: img8634_pin18.jpg
  Crop 240/460: img8635_pin02.jpg
  Crop 250/460: img8636_pin01.jpg
  checkpoint: saved 250/460 crops → candidates.checkpoint.json
  Crop 260/460: img8636_pin11.jpg
  Crop 270/460: img8637_pin01.jpg
  Crop 280/460: img8637_pin11.jpg
  Crop 290/460: img8637_pin21.jpg
  Crop 300/460: img8638_pin06.jpg
  checkpoint: saved 300/460 crops → candidates.checkpoint.json
  Crop 310/460: img8639_pin01.jpg
  Crop 320/460: img8640_pin07.jpg
  Crop 330/460: img8641_pin07.jpg
  Crop 340/460: img8644_pin06.jpg
  Crop 350/460: img8645_pin03.jpg
  checkpoint: saved 350/460 crops → candidates.checkpoint.json
  Crop 360/460: img8646_pin06.jpg
  Crop 370/460: img8646_pin16.jpg
  Crop 380/460: img8646_pin26.jpg
  Crop 390/460: img8647_pin03.jpg
  Crop 400/460: img8648_pin04.jpg
  checkpoint: saved 400/460 crops → candidates.checkpoint.json
  Crop 410/460: img8649_pin08.jpg
  Crop 420/460: img8649_pin18.jpg
  Crop 430/460: img8649_pin28.jpg
  Crop 440/460: img8651_pin02.jpg
  Crop 450/460: img8652_pin07.jpg
  checkpoint: saved 450/460 crops → candidates.checkpoint.json
  Crop 460/460: img8653_pin08.jpg
Wrote UI bundle: /Users/steve/Library/Application Support/FinsAndPins/PricingWork/PriceCollection_20260802_1354__build_23549/testing_ui_visual_baseline
  run_dir=/Users/steve/Library/Application Support/FinsAndPins/PricingWork/PriceCollection_20260802_1354__build_23549
  candidates=/Users/steve/Library/Application Support/FinsAndPins/PricingWork/PriceCollection_20260802_1354__build_23549/candidates.json
Wrote /Users/steve/Library/Application Support/FinsAndPins/PricingWork/PriceCollection_20260802_1354__build_23549/candidates.json
Wrote /Users/steve/Library/Application Support/FinsAndPins/PricingWork/PriceCollection_20260802_1354__build_23549/run_timing.json
Running harness: /Users/steve/Library/Application Support/FinsAndPins/PinPricingStudyMVP_RFDETR_TEST/.venv/bin/python /Users/steve/Library/Application Support/FinsAndPins/PinPricingStudyMVP_RFDETR_TEST/build_testing_ui.py --run-dir /Users/steve/Library/Application Support/FinsAndPins/PricingWork/PriceCollection_20260802_1354__build_23549 --board-photos-dir /Users/steve/Library/Mobile Documents/com~apple~CloudDocs/GitHub Repository/ClickToClaim/20260803/boards --firebase-collab
