Copying crops + roboflow from /Users/steve/Library/Application Support/FinsAndPins/PricingWork/_ctr_20260806_reuse_seed (source folder not modified)…
Reuse copy done; skipping Roboflow API.
eBay Browse pacing: min_interval=0s for 330 crops (auto_large_run=>=700 crops); max_retries=12; circuit=10×429 → 2700s cooldown
  Crop 1/330: img8652_pin01.jpg
  Crop 10/330: img8652_pin10.jpg
  Crop 20/330: img8652_pin20.jpg
  Crop 30/330: img8653_pin02.jpg
  Crop 40/330: img8653_pin12.jpg
  Crop 50/330: img8653_pin22.jpg
  checkpoint: saved 50/330 crops → candidates.checkpoint.json
  Crop 60/330: img8653_pin32.jpg
  Crop 70/330: img8654_pin08.jpg
  Crop 80/330: img8655_pin02.jpg
  Crop 90/330: img8655_pin12.jpg
  Crop 100/330: img8656_pin10.jpg
  checkpoint: saved 100/330 crops → candidates.checkpoint.json
  Crop 110/330: img8657_pin05.jpg
  Crop 120/330: img8658_pin03.jpg
  Crop 130/330: img8658_pin13.jpg
  Crop 140/330: img8658_pin23.jpg
  Crop 150/330: img8659_pin08.jpg
  checkpoint: saved 150/330 crops → candidates.checkpoint.json
  Crop 160/330: img8659_pin18.jpg
  Crop 170/330: img8659_pin28.jpg
  Crop 180/330: img8660_pin08.jpg
  Crop 190/330: img8660_pin18.jpg
  Crop 200/330: img8661_pin04.jpg
  checkpoint: saved 200/330 crops → candidates.checkpoint.json
  Crop 210/330: img8662_pin02.jpg
  Crop 220/330: img8662_pin12.jpg
  Crop 230/330: img8662_pin22.jpg
  Crop 240/330: img8662_pin32.jpg
  Crop 250/330: img8663_pin07.jpg
  checkpoint: saved 250/330 crops → candidates.checkpoint.json
  Crop 260/330: img8663_pin17.jpg
  Crop 270/330: img8663_pin27.jpg
  Crop 280/330: img8664_pin03.jpg
  Crop 290/330: img8664_pin13.jpg
  Crop 300/330: img8664_pin23.jpg
  checkpoint: saved 300/330 crops → candidates.checkpoint.json
  Crop 310/330: img8665_pin01.jpg
  Crop 320/330: img8665_pin11.jpg
  Crop 330/330: img8667_pin04.jpg
Wrote /Users/steve/Library/Application Support/FinsAndPins/PricingWork/PriceCollection_20260803_0955__build_23549/candidates.json
Wrote /Users/steve/Library/Application Support/FinsAndPins/PricingWork/PriceCollection_20260803_0955__build_23549/run_timing.json
Running harness: /Users/steve/Library/Application Support/FinsAndPins/PinPricingStudyMVP_RFDETR_TEST/.venv/bin/python /Users/steve/Library/Application Support/FinsAndPins/PinPricingStudyMVP_RFDETR_TEST/build_testing_ui.py --run-dir /Users/steve/Library/Application Support/FinsAndPins/PricingWork/PriceCollection_20260803_0955__build_23549 --board-photos-dir /Users/steve/Library/Mobile Documents/com~apple~CloudDocs/GitHub Repository/ClickToClaim/20260806/boards --firebase-collab
Wrote UI bundle: /Users/steve/Library/Application Support/FinsAndPins/PricingWork/PriceCollection_20260803_0955__build_23549/testing_ui_visual_baseline
  run_dir=/Users/steve/Library/Application Support/FinsAndPins/PricingWork/PriceCollection_20260803_0955__build_23549
  candidates=/Users/steve/Library/Application Support/FinsAndPins/PricingWork/PriceCollection_20260803_0955__build_23549/candidates.json
