Copying crops + roboflow from /private/tmp/show20260713_ctr_price.sf3PWG/reuse_seed (source folder not modified)…
Reuse copy done; skipping Roboflow API.
eBay Browse pacing: min_interval=0s for 676 crops (auto_large_run=>=1000 crops); max_retries=12; circuit=10×429 → 2700s cooldown
  Crop 1/676: img7898_pin01.jpg
  Crop 10/676: img7898_pin10.jpg
  Crop 20/676: img7899_pin10.jpg
  checkpoint: saved 25/676 crops → candidates.checkpoint.json
  Crop 30/676: img7899_pin20.jpg
  Crop 40/676: img7900_pin06.jpg
  Crop 50/676: img7900_pin16.jpg
  checkpoint: saved 50/676 crops → candidates.checkpoint.json
  Crop 60/676: img7900_pin26.jpg
  Crop 70/676: img7900_pin36.jpg
  checkpoint: saved 75/676 crops → candidates.checkpoint.json
  Crop 80/676: img7901_pin09.jpg
  Crop 90/676: img7901_pin19.jpg
  Crop 100/676: img7902_pin03.jpg
  checkpoint: saved 100/676 crops → candidates.checkpoint.json
  Crop 110/676: img7902_pin13.jpg
  Crop 120/676: img7902_pin23.jpg
  checkpoint: saved 125/676 crops → candidates.checkpoint.json
  Crop 130/676: img7903_pin08.jpg
  Crop 140/676: img7903_pin18.jpg
  Crop 150/676: img7903_pin28.jpg
  checkpoint: saved 150/676 crops → candidates.checkpoint.json
  Crop 160/676: img7903_pin38.jpg
  Crop 170/676: img7904_pin04.jpg
  checkpoint: saved 175/676 crops → candidates.checkpoint.json
  Crop 180/676: img7904_pin14.jpg
  Crop 190/676: img7904_pin24.jpg
  Crop 200/676: img7905_pin10.jpg
  checkpoint: saved 200/676 crops → candidates.checkpoint.json
  Crop 210/676: img7905_pin20.jpg
  Crop 220/676: img7905_pin30.jpg
  checkpoint: saved 225/676 crops → candidates.checkpoint.json
  Crop 230/676: img7906_pin08.jpg
  Crop 240/676: img7906_pin18.jpg
  Crop 250/676: img7907_pin04.jpg
  checkpoint: saved 250/676 crops → candidates.checkpoint.json
  Crop 260/676: img7907_pin14.jpg
  Crop 270/676: img7908_pin01.jpg
  checkpoint: saved 275/676 crops → candidates.checkpoint.json
  Crop 280/676: img7908_pin11.jpg
  Crop 290/676: img7908_pin21.jpg
  Crop 300/676: img7908_pin31.jpg
  checkpoint: saved 300/676 crops → candidates.checkpoint.json
  Crop 310/676: img7909_pin06.jpg
  Crop 320/676: img7909_pin16.jpg
  checkpoint: saved 325/676 crops → candidates.checkpoint.json
  Crop 330/676: img7909_pin26.jpg
  Crop 340/676: img7910_pin07.jpg
  Crop 350/676: img7910_pin17.jpg
  checkpoint: saved 350/676 crops → candidates.checkpoint.json
  Crop 360/676: img7910_pin27.jpg
  Crop 370/676: img7911_pin08.jpg
  checkpoint: saved 375/676 crops → candidates.checkpoint.json
  Crop 380/676: img7911_pin18.jpg
  Crop 390/676: img7911_pin28.jpg
  Crop 400/676: img7912_pin01.jpg
  checkpoint: saved 400/676 crops → candidates.checkpoint.json
  Crop 410/676: img7912_pin11.jpg
  Crop 420/676: img7912_pin21.jpg
  checkpoint: saved 425/676 crops → candidates.checkpoint.json
  Crop 430/676: img7912_pin31.jpg
  Crop 440/676: img7913_pin10.jpg
  Crop 450/676: img7913_pin20.jpg
  checkpoint: saved 450/676 crops → candidates.checkpoint.json
  Crop 460/676: img7913_pin30.jpg
  Crop 470/676: img7913_pin40.jpg
  checkpoint: saved 475/676 crops → candidates.checkpoint.json
  Crop 480/676: img7913_pin50.jpg
  Crop 490/676: img7914_pin03.jpg
  Crop 500/676: img7914_pin13.jpg
  checkpoint: saved 500/676 crops → candidates.checkpoint.json
  Crop 510/676: img7914_pin23.jpg
  Crop 520/676: img7914_pin33.jpg
  checkpoint: saved 525/676 crops → candidates.checkpoint.json
  Crop 530/676: img7915_pin09.jpg
  Crop 540/676: img7915_pin19.jpg
  Crop 550/676: img7915_pin29.jpg
  checkpoint: saved 550/676 crops → candidates.checkpoint.json
  Crop 560/676: img7915_pin39.jpg
  Crop 570/676: img7916_pin08.jpg
  checkpoint: saved 575/676 crops → candidates.checkpoint.json
  Crop 580/676: img7916_pin18.jpg
  Crop 590/676: img7916_pin28.jpg
  Crop 600/676: img7916_pin38.jpg
  checkpoint: saved 600/676 crops → candidates.checkpoint.json
  Crop 610/676: img7917_pin08.jpg
  Crop 620/676: img7917_pin18.jpg
  checkpoint: saved 625/676 crops → candidates.checkpoint.json
  Crop 630/676: img7917_pin28.jpg
  Crop 640/676: img7917_pin38.jpg
  Crop 650/676: img7917_pin48.jpg
  checkpoint: saved 650/676 crops → candidates.checkpoint.json
  Crop 660/676: img7918_pin08.jpg
  Crop 670/676: img7918_pin18.jpg
  checkpoint: saved 675/676 crops → candidates.checkpoint.json
  Crop 676/676: img7922_pin02.jpg
Wrote UI bundle: /Users/steve/Library/Mobile Documents/com~apple~CloudDocs/GitHub PreparingInventory/PreparingInventory/PriceCollection_20260712_1423__build_20700/testing_ui_visual_baseline
  run_dir=/Users/steve/Library/Mobile Documents/com~apple~CloudDocs/GitHub PreparingInventory/PreparingInventory/PriceCollection_20260712_1423__build_20700
  candidates=/Users/steve/Library/Mobile Documents/com~apple~CloudDocs/GitHub PreparingInventory/PreparingInventory/PriceCollection_20260712_1423__build_20700/candidates.json
Wrote /Users/steve/Library/Mobile Documents/com~apple~CloudDocs/GitHub PreparingInventory/PreparingInventory/PriceCollection_20260712_1423__build_20700/candidates.json
Wrote /Users/steve/Library/Mobile Documents/com~apple~CloudDocs/GitHub PreparingInventory/PreparingInventory/PriceCollection_20260712_1423__build_20700/run_timing.json
Running harness: /Users/steve/Library/Mobile Documents/com~apple~CloudDocs/Cursor Projects/PinPricingStudyMVP_RFDETR_TEST/.venv/bin/python /Users/steve/Library/Mobile Documents/com~apple~CloudDocs/Cursor Projects/PinPricingStudyMVP_RFDETR_TEST/build_testing_ui.py --run-dir /Users/steve/Library/Mobile Documents/com~apple~CloudDocs/GitHub PreparingInventory/PreparingInventory/PriceCollection_20260712_1423__build_20700 --board-photos-dir /Users/steve/Library/Mobile Documents/com~apple~CloudDocs/GitHub Repository/ClickToClaim/20260713/boards --firebase-collab
