Copying crops + roboflow from /Users/steve/Library/Mobile Documents/com~apple~CloudDocs/GitHub PreparingInventory/PreparingInventory/PriceCollection_fullres_nomatch_20260712_1545 (source folder not modified)…
Reuse copy done; skipping Roboflow API.
eBay Browse pacing: min_interval=0s for 156 crops (auto_large_run=>=1000 crops); max_retries=12; circuit=10×429 → 2700s cooldown
  Crop 1/156: img7898_pin01.jpg
  Crop 10/156: img7899_pin01.jpg
  Crop 20/156: img7899_pin17.jpg
  checkpoint: saved 25/156 crops → candidates.checkpoint.json
  Crop 30/156: img7900_pin14.jpg
  Crop 40/156: img7900_pin31.jpg
  Crop 50/156: img7901_pin10.jpg
  checkpoint: saved 50/156 crops → candidates.checkpoint.json
  Crop 60/156: img7902_pin03.jpg
  Crop 70/156: img7902_pin17.jpg
  checkpoint: saved 75/156 crops → candidates.checkpoint.json
  Crop 80/156: img7903_pin02.jpg
  Crop 90/156: img7903_pin20.jpg
  Crop 100/156: img7903_pin36.jpg
  checkpoint: saved 100/156 crops → candidates.checkpoint.json
  Crop 110/156: img7904_pin09.jpg
  Crop 120/156: img7905_pin02.jpg
  checkpoint: saved 125/156 crops → candidates.checkpoint.json
  Crop 130/156: img7905_pin19.jpg
  Crop 140/156: img7905_pin31.jpg
  Crop 150/156: img7906_pin13.jpg
  checkpoint: saved 150/156 crops → candidates.checkpoint.json
  Crop 156/156: img7906_pin20.jpg
Wrote UI bundle: /Users/steve/Library/Mobile Documents/com~apple~CloudDocs/GitHub PreparingInventory/PreparingInventory/PriceCollection_fullres_nomatch_1024px_20260712_1638__build_5565/testing_ui_visual_baseline
  run_dir=/Users/steve/Library/Mobile Documents/com~apple~CloudDocs/GitHub PreparingInventory/PreparingInventory/PriceCollection_fullres_nomatch_1024px_20260712_1638__build_5565
  candidates=/Users/steve/Library/Mobile Documents/com~apple~CloudDocs/GitHub PreparingInventory/PreparingInventory/PriceCollection_fullres_nomatch_1024px_20260712_1638__build_5565/candidates.json
Wrote /Users/steve/Library/Mobile Documents/com~apple~CloudDocs/GitHub PreparingInventory/PreparingInventory/PriceCollection_fullres_nomatch_1024px_20260712_1638__build_5565/candidates.json
Wrote /Users/steve/Library/Mobile Documents/com~apple~CloudDocs/GitHub PreparingInventory/PreparingInventory/PriceCollection_fullres_nomatch_1024px_20260712_1638__build_5565/run_timing.json
Running harness: /Users/steve/Library/Mobile Documents/com~apple~CloudDocs/Cursor Projects/PinPricingStudyMVP_RFDETR_TEST/.venv/bin/python /Users/steve/Library/Mobile Documents/com~apple~CloudDocs/Cursor Projects/PinPricingStudyMVP_RFDETR_TEST/build_testing_ui.py --run-dir /Users/steve/Library/Mobile Documents/com~apple~CloudDocs/GitHub PreparingInventory/PreparingInventory/PriceCollection_fullres_nomatch_1024px_20260712_1638__build_5565 --board-photos-dir /Users/steve/Library/Mobile Documents/com~apple~CloudDocs/GitHub PreparingInventory/PreparingInventory/PriceCollection_fullres_nomatch_20260712_1545 --firebase-local-only
