==== START Sat Aug  8 23:03:02 EDT 2026 ====
Resuming from checkpoint in /Users/steve/Library/Mobile Documents/com~apple~CloudDocs/GitHub PreparingInventory/PreparingInventory/PriceCollection_20260808_2230__build_20260810_debug
Resume eBay from /Users/steve/Library/Mobile Documents/com~apple~CloudDocs/GitHub PreparingInventory/PreparingInventory/PriceCollection_20260808_2230__build_20260810_debug (150 crops done, 230 pending)…
eBay Browse pacing: min_interval=0s for 380 crops (auto_large_run=>=700 crops); max_retries=12; circuit=10×429 → 2700s cooldown
  Crop 151/380: img8852_pin07.jpg
  Crop 160/380: img8855_pin03.jpg
  Crop 170/380: img8856_pin07.jpg
  checkpoint: saved 175/380 crops → candidates.checkpoint.json
  Crop 180/380: img8857_pin10.jpg
  Crop 190/380: img8859_pin04.jpg
  Crop 200/380: img8861_pin02.jpg
  checkpoint: saved 200/380 crops → candidates.checkpoint.json
  Crop 210/380: img8862_pin08.jpg
  Crop 220/380: img8864_pin04.jpg
  checkpoint: saved 225/380 crops → candidates.checkpoint.json
  Crop 230/380: img8864_pin14.jpg
  Crop 240/380: img8865_pin01.jpg
  Crop 250/380: img8865_pin11.jpg
  checkpoint: saved 250/380 crops → candidates.checkpoint.json
  Crop 260/380: img8866_pin08.jpg
  Crop 270/380: img8868_pin03.jpg
  checkpoint: saved 275/380 crops → candidates.checkpoint.json
  Crop 280/380: img8868_pin13.jpg
  Crop 290/380: img8868_pin23.jpg
  Crop 300/380: img8868_pin33.jpg
  checkpoint: saved 300/380 crops → candidates.checkpoint.json
  Crop 310/380: img8869_pin04.jpg
  Crop 320/380: img8869_pin14.jpg
  checkpoint: saved 325/380 crops → candidates.checkpoint.json
  Crop 330/380: img8869_pin24.jpg
  Crop 340/380: img8870_pin05.jpg
  Crop 350/380: img8872_pin03.jpg
  checkpoint: saved 350/380 crops → candidates.checkpoint.json
  Crop 360/380: img8873_pin09.jpg
  Crop 370/380: img8875_pin08.jpg
  checkpoint: saved 375/380 crops → candidates.checkpoint.json
  Crop 380/380: img8875_pin18.jpg
Wrote /Users/steve/Library/Mobile Documents/com~apple~CloudDocs/GitHub PreparingInventory/PreparingInventory/PriceCollection_20260808_2230__build_20260810_debug/candidates.json
Wrote /Users/steve/Library/Mobile Documents/com~apple~CloudDocs/GitHub PreparingInventory/PreparingInventory/PriceCollection_20260808_2230__build_20260810_debug/run_timing.json
Running harness: /Users/steve/Library/Application Support/FinsAndPins/PinPricingStudyMVP_RFDETR_TEST/.venv/bin/python /Users/steve/Library/Application Support/FinsAndPins/PinPricingStudyMVP_RFDETR_TEST/build_testing_ui.py --run-dir /Users/steve/Library/Mobile Documents/com~apple~CloudDocs/GitHub PreparingInventory/PreparingInventory/PriceCollection_20260808_2230__build_20260810_debug --board-photos-dir /Users/steve/Library/Mobile Documents/com~apple~CloudDocs/GitHub Repository/ClickToClaim/20260810/boards --firebase-collab
Wrote UI bundle: /Users/steve/Library/Mobile Documents/com~apple~CloudDocs/GitHub PreparingInventory/PreparingInventory/PriceCollection_20260808_2230__build_20260810_debug/testing_ui_visual_baseline
  run_dir=/Users/steve/Library/Mobile Documents/com~apple~CloudDocs/GitHub PreparingInventory/PreparingInventory/PriceCollection_20260808_2230__build_20260810_debug
  candidates=/Users/steve/Library/Mobile Documents/com~apple~CloudDocs/GitHub PreparingInventory/PreparingInventory/PriceCollection_20260808_2230__build_20260810_debug/candidates.json
==== EXIT 0 Sat Aug  8 23:07:31 EDT 2026 ====
